PID 53091 received SIGSEGV for address: 0x0
0   segfault-handler.node               0x000000010a1c8ee4 _ZL16segfault_handleriP9__siginfoPv + 288
1   libsystem_platform.dylib            0x000000019683f744 _sigtramp + 56
2   naudiodon.node                      0x0000000136b0172c _ZN10streampunk10getDevicesEP10napi_env__P20napi_callback_info__ + 56
3   node                                0x0000000102e12070 _ZN6v8impl12_GLOBAL__N_123FunctionCallbackWrapper6InvokeERKN2v820FunctionCallbackInfoINS2_5ValueEEE + 80
4   node                                0x0000000103ce2818 Builtins_CallApiCallbackGeneric + 152
5   node                                0x0000000103ce0bec Builtins_InterpreterEntryTrampoline + 268
6   ???                                 0x0000000126adb3e4 0x0 + 4943885284
7   ???                                 0x00000001272150f0 0x0 + 4951462128
8   node                                0x0000000103ce0bec Builtins_InterpreterEntryTrampoline + 268
9   node                                0x0000000103ce0bec Builtins_InterpreterEntryTrampoline + 268
10  ???                                 0x0000000126e41de4 0x0 + 4947451364
11  node                                0x0000000103cde8cc Builtins_JSEntryTrampoline + 172
12  node                                0x0000000103cde570 Builtins_JSEntry + 176
13  node                                0x000000010320a664 _ZN2v88internal12_GLOBAL__N_16InvokeEPNS0_7IsolateERKNS1_12InvokeParamsE + 1652
14  node                                0x0000000103209fc8 _ZN2v88internal9Execution4CallEPNS0_7IsolateENS0_12DirectHandleINS0_6ObjectEEES6_NS_4base6VectorIKS6_EE + 120
15  node                                0x000000010307e760 _ZN2v88Function4CallEPNS_7IsolateENS_5LocalINS_7ContextEEENS3_INS_5ValueEEEiPS7_ + 492
16  node                                0x0000000102d690f0 _ZN4node21InternalCallbackScope5CloseEv + 524
17  node                                0x0000000102d69320 _ZN4node20InternalMakeCallbackEPNS_11EnvironmentEN2v85LocalINS2_6ObjectEEES5_NS3_INS2_8FunctionEEEiPNS3_INS2_5ValueEEENS_13async_contextES9_ + 452
18  node                                0x0000000102d7c660 _ZN4node9AsyncWrap12MakeCallbackEN2v85LocalINS1_8FunctionEEEiPNS2_INS1_5ValueEEE + 256
19  node                                0x0000000102f987e4 _ZN4node10StreamBase18CallJSOnreadMethodElN2v85LocalINS1_11ArrayBufferEEEmNS0_18StreamBaseJSChecksE + 232
20  node                                0x0000000102f99f78 _ZN4node22EmitToJSStreamListener12OnStreamReadElRK8uv_buf_t + 372
21  node                                0x0000000102f9e2a0 _ZN4node15LibuvStreamWrap8OnUvReadElPK8uv_buf_t + 660
22  node                                0x0000000102f9e9d0 _ZZN4node15LibuvStreamWrap9ReadStartEvEN3$_18__invokeEP11uv_stream_slPK8uv_buf_t + 88
23  node                                0x0000000103ccacbc uv__stream_io + 1332
24  node                                0x0000000103cd32e4 uv__io_poll + 1032
25  node                                0x0000000103cbf694 uv_run + 408
26  node                                0x0000000102d69b44 _ZN4node21SpinEventLoopInternalEPNS_11EnvironmentE + 248
27  node                                0x0000000102ebb234 _ZN4node16NodeMainInstance3RunEv + 268
28  node                                0x0000000102e216ac _ZN4node5StartEiPPc + 604
29  dyld                                0x000000019646dd54 start + 7184
