✅ Created 10 mediasoup workers
🚀 EasyCom Server running on port 3000
🛑 Shutting down server...
HTTP server closed.
✅ Created 10 mediasoup workers
🚀 EasyCom Server running on port 3000
✅ Created 10 mediasoup workers
🚀 EasyCom Server running on port 3000
🛑 Shutting down server...
HTTP server closed.
✅ Created 10 mediasoup workers
🚀 EasyCom Server running on port 3000
🛑 Shutting down server...
HTTP server closed.
✅ Created 10 mediasoup workers
🚀 EasyCom Server running on port 3000
🛑 Shutting down server...
HTTP server closed.
✅ Created 10 mediasoup workers
🚀 EasyCom running on 3000
✅ Created 10 mediasoup workers
🚀 EasyCom running on 3000
✅ Created 10 mediasoup workers
🚀 EasyCom running on 3000
✅ Created 10 mediasoup workers
🚀 EasyCom running on 3000
✅ Created 10 mediasoup workers
🚀 EasyCom running on 3000
